Loading MoritzLaurer/DeBERTa-v3-large-mnli-fever-anli-ling-wanli@b3546ea6b0346eb6f8d5d68b13c7dc6d0376b3d7 ...
/home/ubuntu/anaconda3/envs/MTrain3.9/lib/python3.9/site-packages/huggingface_hub/file_download.py:896: FutureWarning: `resume_download` is deprecated and will be removed in version 1.0.0. Downloads always resume when possible. If you want to force a new download, use `force_download=True`.
  warnings.warn(
/home/ubuntu/anaconda3/envs/MTrain3.9/lib/python3.9/site-packages/huggingface_hub/file_download.py:896: FutureWarning: `resume_download` is deprecated and will be removed in version 1.0.0. Downloads always resume when possible. If you want to force a new download, use `force_download=True`.
  warnings.warn(
NLI inference:   0%|          | 0/1 [00:00<?, ?batch/s]NLI inference: 100%|██████████| 1/1 [00:00<00:00,  1.34batch/s]NLI inference: 100%|██████████| 1/1 [00:00<00:00,  1.34batch/s]
{
  "summary": "/home/ubuntu/MTestQuality/outputs/ensemble_filter_v1/smoke/model_b/summary.json",
  "overall": {
    "count": 6,
    "agreed_count": 6,
    "agreement_rate": 1.0,
    "mean_confidence": 0.99904835,
    "median_confidence": 0.99963069,
    "confidence_percentiles": {
      "p05": 0.99784636,
      "p25": 0.99829244,
      "p50": 0.99963069,
      "p75": 0.99965867,
      "p95": 0.999668
    },
    "mean_gold_probability": 0.99904835,
    "mean_margin": 0.99826316,
    "mean_normalized_entropy": 0.00690333,
    "mean_negative_log_likelihood": 0.00095246,
    "gold_label_counts": {
      "contradiction": 2,
      "entailment": 2,
      "neutral": 2
    },
    "predicted_label_counts": {
      "contradiction": 2,
      "entailment": 2,
      "neutral": 2
    },
    "confusion_matrix_gold_to_prediction": {
      "entailment": {
        "entailment": 2,
        "neutral": 0,
        "contradiction": 0
      },
      "neutral": {
        "entailment": 0,
        "neutral": 2,
        "contradiction": 0
      },
      "contradiction": {
        "entailment": 0,
        "neutral": 0,
        "contradiction": 2
      }
    },
    "confidence_thresholds": {
      "0.50": {
        "count": 6,
        "coverage": 1.0,
        "agreement_rate": 1.0,
        "agreed_count": 6
      },
      "0.70": {
        "count": 6,
        "coverage": 1.0,
        "agreement_rate": 1.0,
        "agreed_count": 6
      },
      "0.80": {
        "count": 6,
        "coverage": 1.0,
        "agreement_rate": 1.0,
        "agreed_count": 6
      },
      "0.90": {
        "count": 6,
        "coverage": 1.0,
        "agreement_rate": 1.0,
        "agreed_count": 6
      },
      "0.95": {
        "count": 6,
        "coverage": 1.0,
        "agreement_rate": 1.0,
        "agreed_count": 6
      },
      "0.99": {
        "count": 6,
        "coverage": 1.0,
        "agreement_rate": 1.0,
        "agreed_count": 6
      }
    }
  }
}
